Archive member included to satisfy reference by file (symbol)

D:/STM32CubeIDE_1.13.1/STM32CubeIDE/plugins/com.st.stm32cube.ide.mcu.externaltools.gnu-tools-for-stm32.11.3.rel1.win32_1.1.1.202309131626/tools/bin/../lib/gcc/arm-none-eabi/11.3.1/../../../../arm-none-eabi/lib/thumb/v7-m/nofp\libc_nano.a(libc_a-exit.o)
                              D:/STM32CubeIDE_1.13.1/STM32CubeIDE/plugins/com.st.stm32cube.ide.mcu.externaltools.gnu-tools-for-stm32.11.3.rel1.win32_1.1.1.202309131626/tools/bin/../lib/gcc/arm-none-eabi/11.3.1/../../../../arm-none-eabi/lib/thumb/v7-m/nofp/crt0.o (exit)
D:/STM32CubeIDE_1.13.1/STM32CubeIDE/plugins/com.st.stm32cube.ide.mcu.externaltools.gnu-tools-for-stm32.11.3.rel1.win32_1.1.1.202309131626/tools/bin/../lib/gcc/arm-none-eabi/11.3.1/../../../../arm-none-eabi/lib/thumb/v7-m/nofp\libc_nano.a(libc_a-findfp.o)
                              D:/STM32CubeIDE_1.13.1/STM32CubeIDE/plugins/com.st.stm32cube.ide.mcu.externaltools.gnu-tools-for-stm32.11.3.rel1.win32_1.1.1.202309131626/tools/bin/../lib/gcc/arm-none-eabi/11.3.1/../../../../arm-none-eabi/lib/thumb/v7-m/nofp\libc_nano.a(libc_a-exit.o) (__stdio_exit_handler)
D:/STM32CubeIDE_1.13.1/STM32CubeIDE/plugins/com.st.stm32cube.ide.mcu.externaltools.gnu-tools-for-stm32.11.3.rel1.win32_1.1.1.202309131626/tools/bin/../lib/gcc/arm-none-eabi/11.3.1/../../../../arm-none-eabi/lib/thumb/v7-m/nofp\libc_nano.a(libc_a-fwalk.o)
                              D:/STM32CubeIDE_1.13.1/STM32CubeIDE/plugins/com.st.stm32cube.ide.mcu.externaltools.gnu-tools-for-stm32.11.3.rel1.win32_1.1.1.202309131626/tools/bin/../lib/gcc/arm-none-eabi/11.3.1/../../../../arm-none-eabi/lib/thumb/v7-m/nofp\libc_nano.a(libc_a-findfp.o) (_fwalk_sglue)
D:/STM32CubeIDE_1.13.1/STM32CubeIDE/plugins/com.st.stm32cube.ide.mcu.externaltools.gnu-tools-for-stm32.11.3.rel1.win32_1.1.1.202309131626/tools/bin/../lib/gcc/arm-none-eabi/11.3.1/../../../../arm-none-eabi/lib/thumb/v7-m/nofp\libc_nano.a(libc_a-stdio.o)
                              D:/STM32CubeIDE_1.13.1/STM32CubeIDE/plugins/com.st.stm32cube.ide.mcu.externaltools.gnu-tools-for-stm32.11.3.rel1.win32_1.1.1.202309131626/tools/bin/../lib/gcc/arm-none-eabi/11.3.1/../../../../arm-none-eabi/lib/thumb/v7-m/nofp\libc_nano.a(libc_a-findfp.o) (__sread)
D:/STM32CubeIDE_1.13.1/STM32CubeIDE/plugins/com.st.stm32cube.ide.mcu.externaltools.gnu-tools-for-stm32.11.3.rel1.win32_1.1.1.202309131626/tools/bin/../lib/gcc/arm-none-eabi/11.3.1/../../../../arm-none-eabi/lib/thumb/v7-m/nofp\libc_nano.a(libc_a-memset.o)
                              D:/STM32CubeIDE_1.13.1/STM32CubeIDE/plugins/com.st.stm32cube.ide.mcu.externaltools.gnu-tools-for-stm32.11.3.rel1.win32_1.1.1.202309131626/tools/bin/../lib/gcc/arm-none-eabi/11.3.1/../../../../arm-none-eabi/lib/thumb/v7-m/nofp/crt0.o (memset)
D:/STM32CubeIDE_1.13.1/STM32CubeIDE/plugins/com.st.stm32cube.ide.mcu.externaltools.gnu-tools-for-stm32.11.3.rel1.win32_1.1.1.202309131626/tools/bin/../lib/gcc/arm-none-eabi/11.3.1/../../../../arm-none-eabi/lib/thumb/v7-m/nofp\libc_nano.a(libc_a-closer.o)
                              D:/STM32CubeIDE_1.13.1/STM32CubeIDE/plugins/com.st.stm32cube.ide.mcu.externaltools.gnu-tools-for-stm32.11.3.rel1.win32_1.1.1.202309131626/tools/bin/../lib/gcc/arm-none-eabi/11.3.1/../../../../arm-none-eabi/lib/thumb/v7-m/nofp\libc_nano.a(libc_a-stdio.o) (_close_r)
D:/STM32CubeIDE_1.13.1/STM32CubeIDE/plugins/com.st.stm32cube.ide.mcu.externaltools.gnu-tools-for-stm32.11.3.rel1.win32_1.1.1.202309131626/tools/bin/../lib/gcc/arm-none-eabi/11.3.1/../../../../arm-none-eabi/lib/thumb/v7-m/nofp\libc_nano.a(libc_a-reent.o)
                              D:/STM32CubeIDE_1.13.1/STM32CubeIDE/plugins/com.st.stm32cube.ide.mcu.externaltools.gnu-tools-for-stm32.11.3.rel1.win32_1.1.1.202309131626/tools/bin/../lib/gcc/arm-none-eabi/11.3.1/../../../../arm-none-eabi/lib/thumb/v7-m/nofp\libc_nano.a(libc_a-closer.o) (errno)
D:/STM32CubeIDE_1.13.1/STM32CubeIDE/plugins/com.st.stm32cube.ide.mcu.externaltools.gnu-tools-for-stm32.11.3.rel1.win32_1.1.1.202309131626/tools/bin/../lib/gcc/arm-none-eabi/11.3.1/../../../../arm-none-eabi/lib/thumb/v7-m/nofp\libc_nano.a(libc_a-impure.o)
                              D:/STM32CubeIDE_1.13.1/STM32CubeIDE/plugins/com.st.stm32cube.ide.mcu.externaltools.gnu-tools-for-stm32.11.3.rel1.win32_1.1.1.202309131626/tools/bin/../lib/gcc/arm-none-eabi/11.3.1/../../../../arm-none-eabi/lib/thumb/v7-m/nofp\libc_nano.a(libc_a-reent.o) (_impure_ptr)
D:/STM32CubeIDE_1.13.1/STM32CubeIDE/plugins/com.st.stm32cube.ide.mcu.externaltools.gnu-tools-for-stm32.11.3.rel1.win32_1.1.1.202309131626/tools/bin/../lib/gcc/arm-none-eabi/11.3.1/../../../../arm-none-eabi/lib/thumb/v7-m/nofp\libc_nano.a(libc_a-lseekr.o)
                              D:/STM32CubeIDE_1.13.1/STM32CubeIDE/plugins/com.st.stm32cube.ide.mcu.externaltools.gnu-tools-for-stm32.11.3.rel1.win32_1.1.1.202309131626/tools/bin/../lib/gcc/arm-none-eabi/11.3.1/../../../../arm-none-eabi/lib/thumb/v7-m/nofp\libc_nano.a(libc_a-stdio.o) (_lseek_r)
[...]
Memory Configuration

Name             Origin             Length             Attributes
RAM              0x0000000020000000 0x0000000000002800 xrw
FLASH            0x0000000008000000 0x0000000000008000 xr
*default*        0x0000000000000000 0xffffffffffffffff

Linker script and memory map

LOAD D:/STM32CubeIDE_1.13.1/STM32CubeIDE/plugins/com.st.stm32cube.ide.mcu.externaltools.gnu-tools-for-stm32.11.3.rel1.win32_1.1.1.202309131626/tools/bin/../lib/gcc/arm-none-eabi/11.3.1/thumb/v7-m/nofp/crti.o
LOAD D:/STM32CubeIDE_1.13.1/STM32CubeIDE/plugins/com.st.stm32cube.ide.mcu.externaltools.gnu-tools-for-stm32.11.3.rel1.win32_1.1.1.202309131626/tools/bin/../lib/gcc/arm-none-eabi/11.3.1/thumb/v7-m/nofp/crtbegin.o
LOAD D:/STM32CubeIDE_1.13.1/STM32CubeIDE/plugins/com.st.stm32cube.ide.mcu.externaltools.gnu-tools-for-stm32.11.3.rel1.win32_1.1.1.202309131626/tools/bin/../lib/gcc/arm-none-eabi/11.3.1/../../../../arm-none-eabi/lib/thumb/v7-m/nofp/crt0.o
LOAD ./Core/Src/7led.o
LOAD ./Core/Src/Button0.o
LOAD ./Core/Src/Button1.o
LOAD ./Core/Src/Button2.o
LOAD ./Core/Src/main.o
LOAD ./Core/Src/softwaretimer.o
LOAD ./Core/Src/stm32f1xx_hal_msp.o
LOAD ./Core/Src/stm32f1xx_it.o
LOAD ./Core/Src/syscalls.o
LOAD ./Core/Src/sysmem.o
LOAD ./Core/Src/system_stm32f1xx.o
LOAD ./Core/Startup/startup_stm32f103c6ux.o
LOAD ./Drivers/STM32F1xx_HAL_Driver/Src/stm32f1xx_hal.o
LOAD ./Drivers/STM32F1xx_HAL_Driver/Src/stm32f1xx_hal_cortex.o
LOAD ./Drivers/STM32F1xx_HAL_Driver/Src/stm32f1xx_hal_dma.o
LOAD ./Drivers/STM32F1xx_HAL_Driver/Src/stm32f1xx_hal_exti.o
LOAD ./Drivers/STM32F1xx_HAL_Driver/Src/stm32f1xx_hal_flash.o
LOAD ./Drivers/STM32F1xx_HAL_Driver/Src/stm32f1xx_hal_flash_ex.o
LOAD ./Drivers/STM32F1xx_HAL_Driver/Src/stm32f1xx_hal_gpio.o
LOAD ./Drivers/STM32F1xx_HAL_Driver/Src/stm32f1xx_hal_gpio_ex.o
LOAD ./Drivers/STM32F1xx_HAL_Driver/Src/stm32f1xx_hal_pwr.o
LOAD ./Drivers/STM32F1xx_HAL_Driver/Src/stm32f1xx_hal_rcc.o
LOAD ./Drivers/STM32F1xx_HAL_Driver/Src/stm32f1xx_hal_rcc_ex.o
LOAD ./Drivers/STM32F1xx_HAL_Driver/Src/stm32f1xx_hal_tim.o
LOAD ./Drivers/STM32F1xx_HAL_Driver/Src/stm32f1xx_hal_tim_ex.o
START GROUP
LOAD D:/STM32CubeIDE_1.13.1/STM32CubeIDE/plugins/com.st.stm32cube.ide.mcu.externaltools.gnu-tools-for-stm32.11.3.rel1.win32_1.1.1.202309131626/tools/bin/../lib/gcc/arm-none-eabi/11.3.1/../../../../arm-none-eabi/lib/thumb/v7-m/nofp\libc_nano.a
LOAD D:/STM32CubeIDE_1.13.1/STM32CubeIDE/plugins/com.st.stm32cube.ide.mcu.externaltools.gnu-tools-for-stm32.11.3.rel1.win32_1.1.1.202309131626/tools/bin/../lib/gcc/arm-none-eabi/11.3.1/../../../../arm-none-eabi/lib/thumb/v7-m/nofp\libm.a
END GROUP
START GROUP
LOAD D:/STM32CubeIDE_1.13.1/STM32CubeIDE/plugins/com.st.stm32cube.ide.mcu.externaltools.gnu-tools-for-stm32.11.3.rel1.win32_1.1.1.202309131626/tools/bin/../lib/gcc/arm-none-eabi/11.3.1/thumb/v7-m/nofp\libgcc.a
LOAD D:/STM32CubeIDE_1.13.1/STM32CubeIDE/plugins/com.st.stm32cube.ide.mcu.externaltools.gnu-tools-for-stm32.11.3.rel1.win32_1.1.1.202309131626/tools/bin/../lib/gcc/arm-none-eabi/11.3.1/../../../../arm-none-eabi/lib/thumb/v7-m/nofp\libc_nano.a
END GROUP
START GROUP
LOAD D:/STM32CubeIDE_1.13.1/STM32CubeIDE/plugins/com.st.stm32cube.ide.mcu.externaltools.gnu-tools-for-stm32.11.3.rel1.win32_1.1.1.202309131626/tools/bin/../lib/gcc/arm-none-eabi/11.3.1/thumb/v7-m/nofp\libgcc.a
LOAD D:/STM32CubeIDE_1.13.1/STM32CubeIDE/plugins/com.st.stm32cube.ide.mcu.externaltools.gnu-tools-for-stm32.11.3.rel1.win32_1.1.1.202309131626/tools/bin/../lib/gcc/arm-none-eabi/11.3.1/../../../../arm-none-eabi/lib/thumb/v7-m/nofp\libc_nano.a
LOAD D:/STM32CubeIDE_1.13.1/STM32CubeIDE/plugins/com.st.stm32cube.ide.mcu.externaltools.gnu-tools-for-stm32.11.3.rel1.win32_1.1.1.202309131626/tools/bin/../lib/gcc/arm-none-eabi/11.3.1/../../../../arm-none-eabi/lib/thumb/v7-m/nofp\libnosys.a
END GROUP
START GROUP
LOAD D:/STM32CubeIDE_1.13.1/STM32CubeIDE/plugins/com.st.stm32cube.ide.mcu.externaltools.gnu-tools-for-stm32.11.3.rel1.win32_1.1.1.202309131626/tools/bin/../lib/gcc/arm-none-eabi/11.3.1/thumb/v7-m/nofp\libgcc.a
LOAD D:/STM32CubeIDE_1.13.1/STM32CubeIDE/plugins/com.st.stm32cube.ide.mcu.externaltools.gnu-tools-for-stm32.11.3.rel1.win32_1.1.1.202309131626/tools/bin/../lib/gcc/arm-none-eabi/11.3.1/../../../../arm-none-eabi/lib/thumb/v7-m/nofp\libc_nano.a
LOAD D:/STM32CubeIDE_1.13.1/STM32CubeIDE/plugins/com.st.stm32cube.ide.mcu.externaltools.gnu-tools-for-stm32.11.3.rel1.win32_1.1.1.202309131626/tools/bin/../lib/gcc/arm-none-eabi/11.3.1/../../../../arm-none-eabi/lib/thumb/v7-m/nofp\libnosys.a
END GROUP
LOAD D:/STM32CubeIDE_1.13.1/STM32CubeIDE/plugins/com.st.stm32cube.ide.mcu.externaltools.gnu-tools-for-stm32.11.3.rel1.win32_1.1.1.202309131626/tools/bin/../lib/gcc/arm-none-eabi/11.3.1/thumb/v7-m/nofp/crtend.o
LOAD D:/STM32CubeIDE_1.13.1/STM32CubeIDE/plugins/com.st.stm32cube.ide.mcu.externaltools.gnu-tools-for-stm32.11.3.rel1.win32_1.1.1.202309131626/tools/bin/../lib/gcc/arm-none-eabi/11.3.1/thumb/v7-m/nofp/crtn.o
                0x0000000020002800                _estack = (ORIGIN (RAM) + LENGTH (RAM))
                0x0000000000000200                _Min_Heap_Size = 0x200
                0x0000000000000400                _Min_Stack_Size = 0x400

.isr_vector     0x0000000008000000      0x10c
                0x0000000008000000                . = ALIGN (0x4)
 *(.isr_vector)
 .isr_vector    0x0000000008000000      0x10c ./Core/Startup/startup_stm32f103c6ux.o
                0x0000000008000000                g_pfnVectors
                0x000000000800010c                . = ALIGN (0x4)

.text           0x000000000800010c     0x2c54
                0x000000000800010c                . = ALIGN (0x4)
 *(.text)
 .text          0x000000000800010c       0x40 D:/STM32CubeIDE_1.13.1/STM32CubeIDE/plugins/com.st.stm32cube.ide.mcu.externaltools.gnu-tools-for-stm32.11.3.rel1.win32_1.1.1.202309131626/tools/bin/../lib/gcc/arm-none-eabi/11.3.1/thumb/v7-m/nofp/crtbegin.o
 *(.text*)
 .text.sevenledsetA
                0x000000000800014c      0x160 ./Core/Src/7led.o
                0x000000000800014c                sevenledsetA
 .text.sevenledsetB
                0x00000000080002ac      0x160 ./Core/Src/7led.o
                0x00000000080002ac                sevenledsetB
 .text.SubKeyProcess
                0x000000000800040c       0x18 ./Core/Src/Button0.o
 .text.GetkeyInput0
                0x0000000008000424       0x9c ./Core/Src/Button0.o
                0x0000000008000424                GetkeyInput0
 .text.SubKeyProcess
                0x00000000080004c0       0x18 ./Core/Src/Button1.o
 .text.SubKeyProcessLong
                0x00000000080004d8       0x18 ./Core/Src/Button1.o
 .text.GetkeyInput1
                0x00000000080004f0       0xc0 ./Core/Src/Button1.o
                0x00000000080004f0                GetkeyInput1
 .text.SubKeyProcess
                0x00000000080005b0       0x18 ./Core/Src/Button2.o
 .text.GetkeyInput2
                0x00000000080005c8       0x9c ./Core/Src/Button2.o
                0x00000000080005c8                GetkeyInput2
 .text.main     0x0000000008000664      0xb54 ./Core/Src/main.o
                0x0000000008000664                main
 .text.SystemClock_Config
                0x00000000080011b8       0x76 ./Core/Src/main.o
                0x00000000080011b8                SystemClock_Config
 *fill*         0x000000000800122e        0x2 
 .text.MX_TIM2_Init
                0x0000000008001230       0x98 ./Core/Src/main.o
 .text.MX_GPIO_Init
                0x00000000080012c8       0xe4 ./Core/Src/main.o
 .text.HAL_TIM_PeriodElapsedCallback
                0x00000000080013ac       0x30 ./Core/Src/main.o
                0x00000000080013ac                HAL_TIM_PeriodElapsedCallback
 .text.Error_Handler
                0x00000000080013dc        0xa ./Core/Src/main.o
                0x00000000080013dc                Error_Handler
 *fill*         0x00000000080013e6        0x2 
 .text.setTimer0
                0x00000000080013e8       0x28 ./Core/Src/softwaretimer.o
                0x00000000080013e8                setTimer0
 .text.runTimer0
                0x0000000008001410       0x34 ./Core/Src/softwaretimer.o
                0x0000000008001410                runTimer0
 .text.setTimer1
                0x0000000008001444       0x28 ./Core/Src/softwaretimer.o
                0x0000000008001444                setTimer1
 .text.runTimer1
                0x000000000800146c       0x34 ./Core/Src/softwaretimer.o
                0x000000000800146c                runTimer1
 .text.setTimer2
                0x00000000080014a0       0x28 ./Core/Src/softwaretimer.o
                0x00000000080014a0                setTimer2
 .text.runTimer2
                0x00000000080014c8       0x34 ./Core/Src/softwaretimer.o
                0x00000000080014c8                runTimer2
 .text.setTimer3
                0x00000000080014fc       0x28 ./Core/Src/softwaretimer.o
                0x00000000080014fc                setTimer3
 .text.runTimer3
                0x0000000008001524       0x34 ./Core/Src/softwaretimer.o
                0x0000000008001524                runTimer3
 .text.setTimer4
                0x0000000008001558       0x28 ./Core/Src/softwaretimer.o
                0x0000000008001558                setTimer4
 .text.runTimer4
                0x0000000008001580       0x34 ./Core/Src/softwaretimer.o
                0x0000000008001580                runTimer4
 .text.HAL_MspInit
                0x00000000080015b4       0x44 ./Core/Src/stm32f1xx_hal_msp.o
                0x00000000080015b4                HAL_MspInit
 .text.HAL_TIM_Base_MspInit
                0x00000000080015f8       0x48 ./Core/Src/stm32f1xx_hal_msp.o
                0x00000000080015f8                HAL_TIM_Base_MspInit
 .text.NMI_Handler
                0x0000000008001640        0x6 ./Core/Src/stm32f1xx_it.o
                0x0000000008001640                NMI_Handler
 .text.HardFault_Handler
                0x0000000008001646        0x6 ./Core/Src/stm32f1xx_it.o
                0x0000000008001646                HardFault_Handler
 .text.MemManage_Handler
                0x000000000800164c        0x6 ./Core/Src/stm32f1xx_it.o
                0x000000000800164c                MemManage_Handler
 .text.BusFault_Handler
                0x0000000008001652        0x6 ./Core/Src/stm32f1xx_it.o
                0x0000000008001652                BusFault_Handler
 .text.UsageFault_Handler
                0x0000000008001658        0x6 ./Core/Src/stm32f1xx_it.o
                0x0000000008001658                UsageFault_Handler
 .text.SVC_Handler
                0x000000000800165e        0xc ./Core/Src/stm32f1xx_it.o
                0x000000000800165e                SVC_Handler
 .text.DebugMon_Handler
                0x000000000800166a        0xc ./Core/Src/stm32f1xx_it.o
                0x000000000800166a                DebugMon_Handler
 .text.PendSV_Handler
                0x0000000008001676        0xc ./Core/Src/stm32f1xx_it.o
                0x0000000008001676                PendSV_Handler
 .text.SysTick_Handler
                0x0000000008001682        0xc ./Core/Src/stm32f1xx_it.o
                0x0000000008001682                SysTick_Handler
 *fill*         0x000000000800168e        0x2 
 .text.TIM2_IRQHandler
                0x0000000008001690       0x14 ./Core/Src/stm32f1xx_it.o
                0x0000000008001690                TIM2_IRQHandler
 .text.SystemInit
                0x00000000080016a4        0xc ./Core/Src/system_stm32f1xx.o
                0x00000000080016a4                SystemInit
 .text.Reset_Handler
                0x00000000080016b0       0x48 ./Core/Startup/startup_stm32f103c6ux.o
                0x00000000080016b0                Reset_Handler
 .text.Default_Handler
                0x00000000080016f8        0x2 ./Core/Startup/startup_stm32f103c6ux.o
                0x00000000080016f8                RTC_Alarm_IRQHandler
                0x00000000080016f8                EXTI2_IRQHandler
                0x00000000080016f8                TIM1_CC_IRQHandler
                0x00000000080016f8                PVD_IRQHandler
                0x00000000080016f8                EXTI3_IRQHandler
                0x00000000080016f8                EXTI0_IRQHandler
                0x00000000080016f8                ADC1_2_IRQHandler
                0x00000000080016f8                SPI1_IRQHandler
                0x00000000080016f8                TAMPER_IRQHandler
                0x00000000080016f8                DMA1_Channel4_IRQHandler
                0x00000000080016f8                RTC_IRQHandler
                0x00000000080016f8                DMA1_Channel7_IRQHandler
                0x00000000080016f8                CAN1_RX1_IRQHandler
                0x00000000080016f8                I2C1_EV_IRQHandler
                0x00000000080016f8                DMA1_Channel6_IRQHandler
                0x00000000080016f8                TIM3_IRQHandler
                0x00000000080016f8                RCC_IRQHandler
                0x00000000080016f8                TIM1_TRG_COM_IRQHandler
                0x00000000080016f8                DMA1_Channel1_IRQHandler
                0x00000000080016f8                Default_Handler
                0x00000000080016f8                EXTI15_10_IRQHandler
                0x00000000080016f8                EXTI9_5_IRQHandler
                0x00000000080016f8                DMA1_Channel5_IRQHandler
                0x00000000080016f8                EXTI4_IRQHandler
                0x00000000080016f8                USB_LP_CAN1_RX0_IRQHandler
                0x00000000080016f8                USB_HP_CAN1_TX_IRQHandler
                0x00000000080016f8                DMA1_Channel3_IRQHandler
                0x00000000080016f8                TIM1_UP_IRQHandler
                0x00000000080016f8                WWDG_IRQHandler
                0x00000000080016f8                TIM1_BRK_IRQHandler
                0x00000000080016f8                EXTI1_IRQHandler
                0x00000000080016f8                USART2_IRQHandler
                0x00000000080016f8                DMA1_Channel2_IRQHandler
                0x00000000080016f8                CAN1_SCE_IRQHandler
                0x00000000080016f8                FLASH_IRQHandler
                0x00000000080016f8                USART1_IRQHandler
                0x00000000080016f8                I2C1_ER_IRQHandler
                0x00000000080016f8                USBWakeUp_IRQHandler
 *fill*         0x00000000080016fa        0x2 
 .text.HAL_Init
                0x00000000080016fc       0x2c ./Drivers/STM32F1xx_HAL_Driver/Src/stm32f1xx_hal.o
                0x00000000080016fc                HAL_Init
 .text.HAL_InitTick
                0x0000000008001728       0x60 ./Drivers/STM32F1xx_HAL_Driver/Src/stm32f1xx_hal.o
                0x0000000008001728                HAL_InitTick
 .text.HAL_IncTick
                0x0000000008001788       0x24 ./Drivers/STM32F1xx_HAL_Driver/Src/stm32f1xx_hal.o
                0x0000000008001788                HAL_IncTick
 .text.HAL_GetTick
                0x00000000080017ac       0x14 ./Drivers/STM32F1xx_HAL_Driver/Src/stm32f1xx_hal.o
                0x00000000080017ac                HAL_GetTick
 .text.__NVIC_SetPriorityGrouping
                0x00000000080017c0       0x48 ./Drivers/STM32F1xx_HAL_Driver/Src/stm32f1xx_hal_cortex.o
 .text.__NVIC_GetPriorityGrouping
                0x0000000008001808       0x1c ./Drivers/STM32F1xx_HAL_Driver/Src/stm32f1xx_hal_cortex.o
 .text.__NVIC_EnableIRQ
                0x0000000008001824       0x38 ./Drivers/STM32F1xx_HAL_Driver/Src/stm32f1xx_hal_cortex.o
 .text.__NVIC_SetPriority
                0x000000000800185c       0x54 ./Drivers/STM32F1xx_HAL_Driver/Src/stm32f1xx_hal_cortex.o
 .text.NVIC_EncodePriority
                0x00000000080018b0       0x64 ./Drivers/STM32F1xx_HAL_Driver/Src/stm32f1xx_hal_cortex.o
 .text.SysTick_Config
                0x0000000008001914       0x44 ./Drivers/STM32F1xx_HAL_Driver/Src/stm32f1xx_hal_cortex.o
 .text.HAL_NVIC_SetPriorityGrouping
                0x0000000008001958       0x16 ./Drivers/STM32F1xx_HAL_Driver/Src/stm32f1xx_hal_cortex.o
                0x0000000008001958                HAL_NVIC_SetPriorityGrouping
 .text.HAL_NVIC_SetPriority
                0x000000000800196e       0x38 ./Drivers/STM32F1xx_HAL_Driver/Src/stm32f1xx_hal_cortex.o
                0x000000000800196e                HAL_NVIC_SetPriority
 .text.HAL_NVIC_EnableIRQ
                0x00000000080019a6       0x1c ./Drivers/STM32F1xx_HAL_Driver/Src/stm32f1xx_hal_cortex.o
                0x00000000080019a6                HAL_NVIC_EnableIRQ
 .text.HAL_SYSTICK_Config
                0x00000000080019c2       0x18 ./Drivers/STM32F1xx_HAL_Driver/Src/stm32f1xx_hal_cortex.o
                0x00000000080019c2                HAL_SYSTICK_Config
 *fill*         0x00000000080019da        0x2 
 .text.HAL_GPIO_Init
                0x00000000080019dc      0x2f8 ./Drivers/STM32F1xx_HAL_Driver/Src/stm32f1xx_hal_gpio.o
                0x00000000080019dc                HAL_GPIO_Init
 .text.HAL_GPIO_ReadPin
                0x0000000008001cd4       0x2e ./Drivers/STM32F1xx_HAL_Driver/Src/stm32f1xx_hal_gpio.o
                0x0000000008001cd4                HAL_GPIO_ReadPin
 .text.HAL_GPIO_WritePin
                0x0000000008001d02       0x30 ./Drivers/STM32F1xx_HAL_Driver/Src/stm32f1xx_hal_gpio.o
                0x0000000008001d02                HAL_GPIO_WritePin
 .text.HAL_GPIO_TogglePin
                0x0000000008001d32       0x32 ./Drivers/STM32F1xx_HAL_Driver/Src/stm32f1xx_hal_gpio.o
                0x0000000008001d32                HAL_GPIO_TogglePin
 .text.HAL_RCC_OscConfig
                0x0000000008001d64      0x504 ./Drivers/STM32F1xx_HAL_Driver/Src/stm32f1xx_hal_rcc.o
                0x0000000008001d64                HAL_RCC_OscConfig
 .text.HAL_RCC_ClockConfig
                0x0000000008002268      0x1d4 ./Drivers/STM32F1xx_HAL_Driver/Src/stm32f1xx_hal_rcc.o
                0x0000000008002268                HAL_RCC_ClockConfig
 .text.HAL_RCC_GetSysClockFreq
                0x000000000800243c       0xa8 ./Drivers/STM32F1xx_HAL_Driver/Src/stm32f1xx_hal_rcc.o
                0x000000000800243c                HAL_RCC_GetSysClockFreq
 .text.RCC_Delay
                0x00000000080024e4       0x3c ./Drivers/STM32F1xx_HAL_Driver/Src/stm32f1xx_hal_rcc.o
 .text.HAL_TIM_Base_Init
                0x0000000008002520       0x9e ./Drivers/STM32F1xx_HAL_Driver/Src/stm32f1xx_hal_tim.o
                0x0000000008002520                HAL_TIM_Base_Init
 *fill*         0x00000000080025be        0x2 
 .text.HAL_TIM_Base_Start_IT
                0x00000000080025c0       0x98 ./Drivers/STM32F1xx_HAL_Driver/Src/stm32f1xx_hal_tim.o
                0x00000000080025c0                HAL_TIM_Base_Start_IT
 .text.HAL_TIM_IRQHandler
                0x0000000008002658      0x210 ./Drivers/STM32F1xx_HAL_Driver/Src/stm32f1xx_hal_tim.o
                0x0000000008002658                HAL_TIM_IRQHandler
 .text.HAL_TIM_ConfigClockSource
                0x0000000008002868      0x18e ./Drivers/STM32F1xx_HAL_Driver/Src/stm32f1xx_hal_tim.o
                0x0000000008002868                HAL_TIM_ConfigClockSource
 .text.HAL_TIM_OC_DelayElapsedCallback
                0x00000000080029f6       0x12 ./Drivers/STM32F1xx_HAL_Driver/Src/stm32f1xx_hal_tim.o
                0x00000000080029f6                HAL_TIM_OC_DelayElapsedCallback
 .text.HAL_TIM_IC_CaptureCallback
                0x0000000008002a08       0x12 ./Drivers/STM32F1xx_HAL_Driver/Src/stm32f1xx_hal_tim.o
                0x0000000008002a08                HAL_TIM_IC_CaptureCallback
 .text.HAL_TIM_PWM_PulseFinishedCallback
                0x0000000008002a1a       0x12 ./Drivers/STM32F1xx_HAL_Driver/Src/stm32f1xx_hal_tim.o
                0x0000000008002a1a                HAL_TIM_PWM_PulseFinishedCallback
 .text.HAL_TIM_TriggerCallback
                0x0000000008002a2c       0x12 ./Drivers/STM32F1xx_HAL_Driver/Src/stm32f1xx_hal_tim.o
                0x0000000008002a2c                HAL_TIM_TriggerCallback
 *fill*         0x0000000008002a3e        0x2 
 .text.TIM_Base_SetConfig
                0x0000000008002a40       0xb0 ./Drivers/STM32F1xx_HAL_Driver/Src/stm32f1xx_hal_tim.o
                0x0000000008002a40                TIM_Base_SetConfig
 .text.TIM_TI1_ConfigInputStage
                0x0000000008002af0       0x5c ./Drivers/STM32F1xx_HAL_Driver/Src/stm32f1xx_hal_tim.o
 .text.TIM_TI2_ConfigInputStage
                0x0000000008002b4c       0x5e ./Drivers/STM32F1xx_HAL_Driver/Src/stm32f1xx_hal_tim.o
 .text.TIM_ITRx_SetConfig
                0x0000000008002baa       0x34 ./Drivers/STM32F1xx_HAL_Driver/Src/stm32f1xx_hal_tim.o
 .text.TIM_ETR_SetConfig
                0x0000000008002bde       0x3e ./Drivers/STM32F1xx_HAL_Driver/Src/stm32f1xx_hal_tim.o
                0x0000000008002bde                TIM_ETR_SetConfig
 .text.HAL_TIMEx_MasterConfigSynchronization
                0x0000000008002c1c       0xb0 ./Drivers/STM32F1xx_HAL_Driver/Src/stm32f1xx_hal_tim_ex.o
                0x0000000008002c1c                HAL_TIMEx_MasterConfigSynchronization
 .text.HAL_TIMEx_CommutCallback
                0x0000000008002ccc       0x12 ./Drivers/STM32F1xx_HAL_Driver/Src/stm32f1xx_hal_tim_ex.o
                0x0000000008002ccc                HAL_TIMEx_CommutCallback
 .text.HAL_TIMEx_BreakCallback
                0x0000000008002cde       0x12 ./Drivers/STM32F1xx_HAL_Driver/Src/stm32f1xx_hal_tim_ex.o
                0x0000000008002cde                HAL_TIMEx_BreakCallback
 .text.memset   0x0000000008002cf0       0x10 D:/STM32CubeIDE_1.13.1/STM32CubeIDE/plugins/com.st.stm32cube.ide.mcu.externaltools.gnu-tools-for-stm32.11.3.rel1.win32_1.1.1.202309131626/tools/bin/../lib/gcc/arm-none-eabi/11.3.1/../../../../arm-none-eabi/lib/thumb/v7-m/nofp\libc_nano.a(libc_a-memset.o)
                0x0000000008002cf0                memset
 .text.__libc_init_array
                0x0000000008002d00       0x48 D:/STM32CubeIDE_1.13.1/STM32CubeIDE/plugins/com.st.stm32cube.ide.mcu.externaltools.gnu-tools-for-stm32.11.3.rel1.win32_1.1.1.202309131626/tools/bin/../lib/gcc/arm-none-eabi/11.3.1/../../../../arm-none-eabi/lib/thumb/v7-m/nofp\libc_nano.a(libc_a-init.o)
                0x0000000008002d00                __libc_init_array
 *(.glue_7)
 .glue_7        0x0000000008002d48        0x0 linker stubs
 *(.glue_7t)
 .glue_7t       0x0000000008002d48        0x0 linker stubs
 *(.eh_frame)
 .eh_frame      0x0000000008002d48        0x0 D:/STM32CubeIDE_1.13.1/STM32CubeIDE/plugins/com.st.stm32cube.ide.mcu.externaltools.gnu-tools-for-stm32.11.3.rel1.win32_1.1.1.202309131626/tools/bin/../lib/gcc/arm-none-eabi/11.3.1/thumb/v7-m/nofp/crtbegin.o
 *(.init)
 .init          0x0000000008002d48        0x4 D:/STM32CubeIDE_1.13.1/STM32CubeIDE/plugins/com.st.stm32cube.ide.mcu.externaltools.gnu-tools-for-stm32.11.3.rel1.win32_1.1.1.202309131626/tools/bin/../lib/gcc/arm-none-eabi/11.3.1/thumb/v7-m/nofp/crti.o
                0x0000000008002d48                _init
 .init          0x0000000008002d4c        0x8 D:/STM32CubeIDE_1.13.1/STM32CubeIDE/plugins/com.st.stm32cube.ide.mcu.externaltools.gnu-tools-for-stm32.11.3.rel1.win32_1.1.1.202309131626/tools/bin/../lib/gcc/arm-none-eabi/11.3.1/thumb/v7-m/nofp/crtn.o
 *(.fini)
 .fini          0x0000000008002d54        0x4 D:/STM32CubeIDE_1.13.1/STM32CubeIDE/plugins/com.st.stm32cube.ide.mcu.externaltools.gnu-tools-for-stm32.11.3.rel1.win32_1.1.1.202309131626/tools/bin/../lib/gcc/arm-none-eabi/11.3.1/thumb/v7-m/nofp/crti.o
                0x0000000008002d54                _fini
 .fini          0x0000000008002d58        0x8 D:/STM32CubeIDE_1.13.1/STM32CubeIDE/plugins/com.st.stm32cube.ide.mcu.externaltools.gnu-tools-for-stm32.11.3.rel1.win32_1.1.1.202309131626/tools/bin/../lib/gcc/arm-none-eabi/11.3.1/thumb/v7-m/nofp/crtn.o
                0x0000000008002d60                . = ALIGN (0x4)
                0x0000000008002d60                _etext = .

.vfp11_veneer   0x0000000008002d60        0x0
 .vfp11_veneer  0x0000000008002d60        0x0 linker stubs

.v4_bx          0x0000000008002d60        0x0
 .v4_bx         0x0000000008002d60        0x0 linker stubs

.iplt           0x0000000008002d60        0x0
 .iplt          0x0000000008002d60        0x0 D:/STM32CubeIDE_1.13.1/STM32CubeIDE/plugins/com.st.stm32cube.ide.mcu.externaltools.gnu-tools-for-stm32.11.3.rel1.win32_1.1.1.202309131626/tools/bin/../lib/gcc/arm-none-eabi/11.3.1/thumb/v7-m/nofp/crtbegin.o

.rodata         0x0000000008002d60       0x24
                0x0000000008002d60                . = ALIGN (0x4)
 *(.rodata)
 *(.rodata*)
 .rodata.AHBPrescTable
                0x0000000008002d60       0x10 ./Core/Src/system_stm32f1xx.o
                0x0000000008002d60                AHBPrescTable
 .rodata.aPLLMULFactorTable.1
                0x0000000008002d70       0x10 ./Drivers/STM32F1xx_HAL_Driver/Src/stm32f1xx_hal_rcc.o
 .rodata.aPredivFactorTable.0
                0x0000000008002d80        0x2 ./Drivers/STM32F1xx_HAL_Driver/Src/stm32f1xx_hal_rcc.o
                0x0000000008002d84                . = ALIGN (0x4)
 *fill*         0x0000000008002d82        0x2 

.rel.dyn        0x0000000008002d84        0x0
 .rel.iplt      0x0000000008002d84        0x0 D:/STM32CubeIDE_1.13.1/STM32CubeIDE/plugins/com.st.stm32cube.ide.mcu.externaltools.gnu-tools-for-stm32.11.3.rel1.win32_1.1.1.202309131626/tools/bin/../lib/gcc/arm-none-eabi/11.3.1/thumb/v7-m/nofp/crtbegin.o

.ARM.extab      0x0000000008002d84        0x0
                0x0000000008002d84                . = ALIGN (0x4)
 *(.ARM.extab* .gnu.linkonce.armextab.*)
                0x0000000008002d84                . = ALIGN (0x4)

.ARM            0x0000000008002d84        0x0
                0x0000000008002d84                . = ALIGN (0x4)
                0x0000000008002d84                __exidx_start = .
 *(.ARM.exidx*)
                0x0000000008002d84                __exidx_end = .
                0x0000000008002d84                . = ALIGN (0x4)

.preinit_array  0x0000000008002d84        0x0
                0x0000000008002d84                . = ALIGN (0x4)
                0x0000000008002d84                PROVIDE (__preinit_array_start = .)
 *(.preinit_array*)
                0x0000000008002d84                PROVIDE (__preinit_array_end = .)
                0x0000000008002d84                . = ALIGN (0x4)

.init_array     0x0000000008002d84        0x4
                0x0000000008002d84                . = ALIGN (0x4)
                0x0000000008002d84                PROVIDE (__init_array_start = .)
 *(SORT_BY_NAME(.init_array.*))
 *(.init_array*)
 .init_array    0x0000000008002d84        0x4 D:/STM32CubeIDE_1.13.1/STM32CubeIDE/plugins/com.st.stm32cube.ide.mcu.externaltools.gnu-tools-for-stm32.11.3.rel1.win32_1.1.1.202309131626/tools/bin/../lib/gcc/arm-none-eabi/11.3.1/thumb/v7-m/nofp/crtbegin.o
                0x0000000008002d88                PROVIDE (__init_array_end = .)
                0x0000000008002d88                . = ALIGN (0x4)

.fini_array     0x0000000008002d88        0x4
                0x0000000008002d88                . = ALIGN (0x4)
                [!provide]                        PROVIDE (__fini_array_start = .)
 *(SORT_BY_NAME(.fini_array.*))
 *(.fini_array*)
 .fini_array    0x0000000008002d88        0x4 D:/STM32CubeIDE_1.13.1/STM32CubeIDE/plugins/com.st.stm32cube.ide.mcu.externaltools.gnu-tools-for-stm32.11.3.rel1.win32_1.1.1.202309131626/tools/bin/../lib/gcc/arm-none-eabi/11.3.1/thumb/v7-m/nofp/crtbegin.o
                [!provide]                        PROVIDE (__fini_array_end = .)
                0x0000000008002d8c                . = ALIGN (0x4)
                0x0000000008002d8c                _sidata = LOADADDR (.data)

.data           0x0000000020000000       0x48 load address 0x0000000008002d8c
                0x0000000020000000                . = ALIGN (0x4)
                0x0000000020000000                _sdata = .
 *(.data)
 *(.data*)
 .data.KeyReg0  0x0000000020000000        0x4 ./Core/Src/Button0.o
 .data.KeyReg1  0x0000000020000004        0x4 ./Core/Src/Button0.o
 .data.KeyReg2  0x0000000020000008        0x4 ./Core/Src/Button0.o
 .data.KeyReg3  0x000000002000000c        0x4 ./Core/Src/Button0.o
 .data.Timerforkeypressed
                0x0000000020000010        0x4 ./Core/Src/Button0.o
 .data.KeyReg0  0x0000000020000014        0x4 ./Core/Src/Button1.o
 .data.KeyReg1  0x0000000020000018        0x4 ./Core/Src/Button1.o
 .data.KeyReg2  0x000000002000001c        0x4 ./Core/Src/Button1.o
 .data.KeyReg3  0x0000000020000020        0x4 ./Core/Src/Button1.o
 .data.Timerforkeypressed
                0x0000000020000024        0x4 ./Core/Src/Button1.o
 .data.KeyReg0  0x0000000020000028        0x4 ./Core/Src/Button2.o
 .data.KeyReg1  0x000000002000002c        0x4 ./Core/Src/Button2.o
 .data.KeyReg2  0x0000000020000030        0x4 ./Core/Src/Button2.o
 .data.KeyReg3  0x0000000020000034        0x4 ./Core/Src/Button2.o
 .data.Timerforkeypressed
                0x0000000020000038        0x4 ./Core/Src/Button2.o
 .data.SystemCoreClock
                0x000000002000003c        0x4 ./Core/Src/system_stm32f1xx.o
                0x000000002000003c                SystemCoreClock
 .data.uwTickPrio
                0x0000000020000040        0x4 ./Drivers/STM32F1xx_HAL_Driver/Src/stm32f1xx_hal.o
                0x0000000020000040                uwTickPrio
 .data.uwTickFreq
                0x0000000020000044        0x1 ./Drivers/STM32F1xx_HAL_Driver/Src/stm32f1xx_hal.o
                0x0000000020000044                uwTickFreq
 *(.RamFunc)
 *(.RamFunc*)
                0x0000000020000048                . = ALIGN (0x4)
 *fill*         0x0000000020000045        0x3 
                0x0000000020000048                _edata = .

.igot.plt       0x0000000020000048        0x0 load address 0x0000000008002dd4
 .igot.plt      0x0000000020000048        0x0 D:/STM32CubeIDE_1.13.1/STM32CubeIDE/plugins/com.st.stm32cube.ide.mcu.externaltools.gnu-tools-for-stm32.11.3.rel1.win32_1.1.1.202309131626/tools/bin/../lib/gcc/arm-none-eabi/11.3.1/thumb/v7-m/nofp/crtbegin.o
                0x0000000020000048                . = ALIGN (0x4)

.bss            0x0000000020000048       0xa0 load address 0x0000000008002dd4
                0x0000000020000048                _sbss = .
                0x0000000020000048                __bss_start__ = _sbss
 *(.bss)
 .bss           0x0000000020000048       0x1c D:/STM32CubeIDE_1.13.1/STM32CubeIDE/plugins/com.st.stm32cube.ide.mcu.externaltools.gnu-tools-for-stm32.11.3.rel1.win32_1.1.1.202309131626/tools/bin/../lib/gcc/arm-none-eabi/11.3.1/thumb/v7-m/nofp/crtbegin.o
 *(.bss*)
 .bss.button0_trigger
                0x0000000020000064        0x4 ./Core/Src/Button0.o
                0x0000000020000064                button0_trigger
 .bss.button1_trigger
                0x0000000020000068        0x4 ./Core/Src/Button1.o
                0x0000000020000068                button1_trigger
 .bss.button1_trigger_long
                0x000000002000006c        0x4 ./Core/Src/Button1.o
                0x000000002000006c                button1_trigger_long
 .bss.button2_trigger
                0x0000000020000070        0x4 ./Core/Src/Button2.o
                0x0000000020000070                button2_trigger
 .bss.htim2     0x0000000020000074       0x48 ./Core/Src/main.o
                0x0000000020000074                htim2
 .bss.timercounter0
                0x00000000200000bc        0x4 ./Core/Src/softwaretimer.o
                0x00000000200000bc                timercounter0
 .bss.timerflag0
                0x00000000200000c0        0x4 ./Core/Src/softwaretimer.o
                0x00000000200000c0                timerflag0
 .bss.timercounter1
                0x00000000200000c4        0x4 ./Core/Src/softwaretimer.o
                0x00000000200000c4                timercounter1
 .bss.timerflag1
                0x00000000200000c8        0x4 ./Core/Src/softwaretimer.o
                0x00000000200000c8                timerflag1
 .bss.timercounter2
                0x00000000200000cc        0x4 ./Core/Src/softwaretimer.o
                0x00000000200000cc                timercounter2
 .bss.timerflag2
                0x00000000200000d0        0x4 ./Core/Src/softwaretimer.o
                0x00000000200000d0                timerflag2
 .bss.timercounter3
                0x00000000200000d4        0x4 ./Core/Src/softwaretimer.o
                0x00000000200000d4                timercounter3
 .bss.timerflag3
                0x00000000200000d8        0x4 ./Core/Src/softwaretimer.o
                0x00000000200000d8                timerflag3
 .bss.timercounter4
                0x00000000200000dc        0x4 ./Core/Src/softwaretimer.o
                0x00000000200000dc                timercounter4
 .bss.timerflag4
                0x00000000200000e0        0x4 ./Core/Src/softwaretimer.o
                0x00000000200000e0                timerflag4
 .bss.uwTick    0x00000000200000e4        0x4 ./Drivers/STM32F1xx_HAL_Driver/Src/stm32f1xx_hal.o
                0x00000000200000e4                uwTick
 *(COMMON)
                0x00000000200000e8                . = ALIGN (0x4)
                0x00000000200000e8                _ebss = .
                0x00000000200000e8                __bss_end__ = _ebss

._user_heap_stack
                0x00000000200000e8      0x600 load address 0x0000000008002dd4
                0x00000000200000e8                . = ALIGN (0x8)
                [!provide]                        PROVIDE (end = .)
                0x00000000200000e8                PROVIDE (_end = .)
                0x00000000200002e8                . = (. + _Min_Heap_Size)
 *fill*         0x00000000200000e8      0x200 
                0x00000000200006e8                . = (. + _Min_Stack_Size)
 *fill*         0x00000000200002e8      0x400 
                0x00000000200006e8                . = ALIGN (0x8)

/DISCARD/
 libc.a(*)
 libm.a(*)
 libgcc.a(*)

.ARM.attributes
                0x0000000000000000       0x29
 *(.ARM.attributes)
 .ARM.attributes
                0x0000000000000000       0x1d D:/STM32CubeIDE_1.13.1/STM32CubeIDE/plugins/com.st.stm32cube.ide.mcu.externaltools.gnu-tools-for-stm32.11.3.rel1.win32_1.1.1.202309131626/tools/bin/../lib/gcc/arm-none-eabi/11.3.1/thumb/v7-m/nofp/crti.o
 .ARM.attributes
                0x000000000000001d       0x2d D:/STM32CubeIDE_1.13.1/STM32CubeIDE/plugins/com.st.stm32cube.ide.mcu.externaltools.gnu-tools-for-stm32.11.3.rel1.win32_1.1.1.202309131626/tools/bin/../lib/gcc/arm-none-eabi/11.3.1/thumb/v7-m/nofp/crtbegin.o
 .ARM.attributes
                0x000000000000004a       0x2d ./Core/Src/7led.o
 .ARM.attributes
                0x0000000000000077       0x2d ./Core/Src/Button0.o
 .ARM.attributes
                0x00000000000000a4       0x2d ./Core/Src/Button1.o
 .ARM.attributes
                0x00000000000000d1       0x2d ./Core/Src/Button2.o
 .ARM.attributes
                0x00000000000000fe       0x2d ./Core/Src/main.o
 .ARM.attributes
                0x000000000000012b       0x2d ./Core/Src/softwaretimer.o
 .ARM.attributes
                0x0000000000000158       0x2d ./Core/Src/stm32f1xx_hal_msp.o
 .ARM.attributes
                0x0000000000000185       0x2d ./Core/Src/stm32f1xx_it.o
 .ARM.attributes
                0x00000000000001b2       0x2d ./Core/Src/system_stm32f1xx.o
 .ARM.attributes
                0x00000000000001df       0x21 ./Core/Startup/startup_stm32f103c6ux.o
 .ARM.attributes
                0x0000000000000200       0x2d ./Drivers/STM32F1xx_HAL_Driver/Src/stm32f1xx_hal.o
 .ARM.attributes
                0x000000000000022d       0x2d ./Drivers/STM32F1xx_HAL_Driver/Src/stm32f1xx_hal_cortex.o
 .ARM.attributes
                0x000000000000025a       0x2d ./Drivers/STM32F1xx_HAL_Driver/Src/stm32f1xx_hal_gpio.o
 .ARM.attributes
                0x0000000000000287       0x2d ./Drivers/STM32F1xx_HAL_Driver/Src/stm32f1xx_hal_rcc.o
 .ARM.attributes
                0x00000000000002b4       0x2d ./Drivers/STM32F1xx_HAL_Driver/Src/stm32f1xx_hal_tim.o
 .ARM.attributes
                0x00000000000002e1       0x2d ./Drivers/STM32F1xx_HAL_Driver/Src/stm32f1xx_hal_tim_ex.o
 .ARM.attributes
                0x000000000000030e       0x2d D:/STM32CubeIDE_1.13.1/STM32CubeIDE/plugins/com.st.stm32cube.ide.mcu.externaltools.gnu-tools-for-stm32.11.3.rel1.win32_1.1.1.202309131626/tools/bin/../lib/gcc/arm-none-eabi/11.3.1/../../../../arm-none-eabi/lib/thumb/v7-m/nofp\libc_nano.a(libc_a-memset.o)
 .ARM.attributes
                0x000000000000033b       0x2d D:/STM32CubeIDE_1.13.1/STM32CubeIDE/plugins/com.st.stm32cube.ide.mcu.externaltools.gnu-tools-for-stm32.11.3.rel1.win32_1.1.1.202309131626/tools/bin/../lib/gcc/arm-none-eabi/11.3.1/../../../../arm-none-eabi/lib/thumb/v7-m/nofp\libc_nano.a(libc_a-init.o)
 .ARM.attributes
                0x0000000000000368       0x1d D:/STM32CubeIDE_1.13.1/STM32CubeIDE/plugins/com.st.stm32cube.ide.mcu.externaltools.gnu-tools-for-stm32.11.3.rel1.win32_1.1.1.202309131626/tools/bin/../lib/gcc/arm-none-eabi/11.3.1/thumb/v7-m/nofp/crtn.o
OUTPUT(Lab3.elf elf32-littlearm)
LOAD linker stubs
LOAD D:/STM32CubeIDE_1.13.1/STM32CubeIDE/plugins/com.st.stm32cube.ide.mcu.externaltools.gnu-tools-for-stm32.11.3.rel1.win32_1.1.1.202309131626/tools/bin/../lib/gcc/arm-none-eabi/11.3.1/../../../../arm-none-eabi/lib/thumb/v7-m/nofp\libc.a
LOAD D:/STM32CubeIDE_1.13.1/STM32CubeIDE/plugins/com.st.stm32cube.ide.mcu.externaltools.gnu-tools-for-stm32.11.3.rel1.win32_1.1.1.202309131626/tools/bin/../lib/gcc/arm-none-eabi/11.3.1/../../../../arm-none-eabi/lib/thumb/v7-m/nofp\libm.a
LOAD D:/STM32CubeIDE_1.13.1/STM32CubeIDE/plugins/com.st.stm32cube.ide.mcu.externaltools.gnu-tools-for-stm32.11.3.rel1.win32_1.1.1.202309131626/tools/bin/../lib/gcc/arm-none-eabi/11.3.1/thumb/v7-m/nofp\libgcc.a

.comment        0x0000000000000000       0x43
 .comment       0x0000000000000000       0x43 D:/STM32CubeIDE_1.13.1/STM32CubeIDE/plugins/com.st.stm32cube.ide.mcu.externaltools.gnu-tools-for-stm32.11.3.rel1.win32_1.1.1.202309131626/tools/bin/../lib/gcc/arm-none-eabi/11.3.1/thumb/v7-m/nofp/crtbegin.o
                                         0x44 (size before relaxing)
 .comment       0x0000000000000043       0x44 ./Core/Src/7led.o
 .comment       0x0000000000000043       0x44 ./Core/Src/Button0.o
 .comment       0x0000000000000043       0x44 ./Core/Src/Button1.o
 .comment       0x0000000000000043       0x44 ./Core/Src/Button2.o
 .comment       0x0000000000000043       0x44 ./Core/Src/main.o
 .comment       0x0000000000000043       0x44 ./Core/Src/softwaretimer.o
 .comment       0x0000000000000043       0x44 ./Core/Src/stm32f1xx_hal_msp.o
 .comment       0x0000000000000043       0x44 ./Core/Src/stm32f1xx_it.o
 .comment       0x0000000000000043       0x44 ./Core/Src/system_stm32f1xx.o
 .comment       0x0000000000000043       0x44 ./Drivers/STM32F1xx_HAL_Driver/Src/stm32f1xx_hal.o
 .comment       0x0000000000000043       0x44 ./Drivers/STM32F1xx_HAL_Driver/Src/stm32f1xx_hal_cortex.o
 .comment       0x0000000000000043       0x44 ./Drivers/STM32F1xx_HAL_Driver/Src/stm32f1xx_hal_gpio.o
 .comment       0x0000000000000043       0x44 ./Drivers/STM32F1xx_HAL_Driver/Src/stm32f1xx_hal_rcc.o
 .comment       0x0000000000000043       0x44 ./Drivers/STM32F1xx_HAL_Driver/Src/stm32f1xx_hal_tim.o
 .comment       0x0000000000000043       0x44 ./Drivers/STM32F1xx_HAL_Driver/Src/stm32f1xx_hal_tim_ex.o

.debug_info     0x0000000000000000     0x852b
 .debug_info    0x0000000000000000      0x1a6 ./Core/Src/7led.o
 .debug_info    0x00000000000001a6      0x1ef ./Core/Src/Button0.o
 .debug_info    0x0000000000000395      0x20f ./Core/Src/Button1.o
 .debug_info    0x00000000000005a4      0x1ef ./Core/Src/Button2.o
 .debug_info    0x0000000000000793      0xd98 ./Core/Src/main.o
 .debug_info    0x000000000000152b      0x1e9 ./Core/Src/softwaretimer.o
 .debug_info    0x0000000000001714      0x88c ./Core/Src/stm32f1xx_hal_msp.o
 .debug_info    0x0000000000001fa0      0x6a1 ./Core/Src/stm32f1xx_it.o
 .debug_info    0x0000000000002641      0x222 ./Core/Src/system_stm32f1xx.o
 .debug_info    0x0000000000002863       0x23 ./Core/Startup/startup_stm32f103c6ux.o
 .debug_info    0x0000000000002886      0x6e6 ./Drivers/STM32F1xx_HAL_Driver/Src/stm32f1xx_hal.o
 .debug_info    0x0000000000002f6c      0xa69 ./Drivers/STM32F1xx_HAL_Driver/Src/stm32f1xx_hal_cortex.o
 .debug_info    0x00000000000039d5      0x5ab ./Drivers/STM32F1xx_HAL_Driver/Src/stm32f1xx_hal_gpio.o
 .debug_info    0x0000000000003f80      0x7d5 ./Drivers/STM32F1xx_HAL_Driver/Src/stm32f1xx_hal_rcc.o
 .debug_info    0x0000000000004755     0x293b ./Drivers/STM32F1xx_HAL_Driver/Src/stm32f1xx_hal_tim.o
 .debug_info    0x0000000000007090     0x149b ./Drivers/STM32F1xx_HAL_Driver/Src/stm32f1xx_hal_tim_ex.o

.debug_abbrev   0x0000000000000000     0x1b08
 .debug_abbrev  0x0000000000000000      0x10e ./Core/Src/7led.o
 .debug_abbrev  0x000000000000010e      0x12a ./Core/Src/Button0.o
 .debug_abbrev  0x0000000000000238      0x130 ./Core/Src/Button1.o
 .debug_abbrev  0x0000000000000368      0x12a ./Core/Src/Button2.o
 .debug_abbrev  0x0000000000000492      0x2ad ./Core/Src/main.o
 .debug_abbrev  0x000000000000073f       0xcb ./Core/Src/softwaretimer.o
 .debug_abbrev  0x000000000000080a      0x1ad ./Core/Src/stm32f1xx_hal_msp.o
 .debug_abbrev  0x00000000000009b7      0x191 ./Core/Src/stm32f1xx_it.o
 .debug_abbrev  0x0000000000000b48      0x13f ./Core/Src/system_stm32f1xx.o
 .debug_abbrev  0x0000000000000c87       0x12 ./Core/Startup/startup_stm32f103c6ux.o
 .debug_abbrev  0x0000000000000c99      0x201 ./Drivers/STM32F1xx_HAL_Driver/Src/stm32f1xx_hal.o
 .debug_abbrev  0x0000000000000e9a      0x2f8 ./Drivers/STM32F1xx_HAL_Driver/Src/stm32f1xx_hal_cortex.o
 .debug_abbrev  0x0000000000001192      0x1ca ./Drivers/STM32F1xx_HAL_Driver/Src/stm32f1xx_hal_gpio.o
 .debug_abbrev  0x000000000000135c      0x2b3 ./Drivers/STM32F1xx_HAL_Driver/Src/stm32f1xx_hal_rcc.o
 .debug_abbrev  0x000000000000160f      0x277 ./Drivers/STM32F1xx_HAL_Driver/Src/stm32f1xx_hal_tim.o
 .debug_abbrev  0x0000000000001886      0x282 ./Drivers/STM32F1xx_HAL_Driver/Src/stm32f1xx_hal_tim_ex.o

.debug_aranges  0x0000000000000000      0xa40
 .debug_aranges
                0x0000000000000000       0x28 ./Core/Src/7led.o
 .debug_aranges
                0x0000000000000028       0x28 ./Core/Src/Button0.o
 .debug_aranges
                0x0000000000000050       0x30 ./Core/Src/Button1.o
 .debug_aranges
                0x0000000000000080       0x28 ./Core/Src/Button2.o
 .debug_aranges
                0x00000000000000a8       0x48 ./Core/Src/main.o
 .debug_aranges
                0x00000000000000f0       0x68 ./Core/Src/softwaretimer.o
 .debug_aranges
                0x0000000000000158       0x30 ./Core/Src/stm32f1xx_hal_msp.o
 .debug_aranges
                0x0000000000000188       0x68 ./Core/Src/stm32f1xx_it.o
 .debug_aranges
                0x00000000000001f0       0x28 ./Core/Src/system_stm32f1xx.o
 .debug_aranges
                0x0000000000000218       0x28 ./Core/Startup/startup_stm32f103c6ux.o
 .debug_aranges
                0x0000000000000240       0xe0 ./Drivers/STM32F1xx_HAL_Driver/Src/stm32f1xx_hal.o
 .debug_aranges
                0x0000000000000320      0x100 ./Drivers/STM32F1xx_HAL_Driver/Src/stm32f1xx_hal_cortex.o
 .debug_aranges
                0x0000000000000420       0x58 ./Drivers/STM32F1xx_HAL_Driver/Src/stm32f1xx_hal_gpio.o
 .debug_aranges
                0x0000000000000478       0x90 ./Drivers/STM32F1xx_HAL_Driver/Src/stm32f1xx_hal_rcc.o
 .debug_aranges
                0x0000000000000508      0x3d0 ./Drivers/STM32F1xx_HAL_Driver/Src/stm32f1xx_hal_tim.o
 .debug_aranges
                0x00000000000008d8      0x168 ./Drivers/STM32F1xx_HAL_Driver/Src/stm32f1xx_hal_tim_ex.o

.debug_rnglists
                0x0000000000000000      0x7cf
 .debug_rnglists
                0x0000000000000000       0x1b ./Core/Src/7led.o
 .debug_rnglists
                0x000000000000001b       0x1a ./Core/Src/Button0.o
 .debug_rnglists
                0x0000000000000035       0x20 ./Core/Src/Button1.o
 .debug_rnglists
                0x0000000000000055       0x1a ./Core/Src/Button2.o
 .debug_rnglists
                0x000000000000006f       0x34 ./Core/Src/main.o
 .debug_rnglists
                0x00000000000000a3       0x49 ./Core/Src/softwaretimer.o
 .debug_rnglists
                0x00000000000000ec       0x1f ./Core/Src/stm32f1xx_hal_msp.o
 .debug_rnglists
                0x000000000000010b       0x49 ./Core/Src/stm32f1xx_it.o
 .debug_rnglists
                0x0000000000000154       0x1a ./Core/Src/system_stm32f1xx.o
 .debug_rnglists
                0x000000000000016e       0x19 ./Core/Startup/startup_stm32f103c6ux.o
 .debug_rnglists
                0x0000000000000187       0xa3 ./Drivers/STM32F1xx_HAL_Driver/Src/stm32f1xx_hal.o
 .debug_rnglists
                0x000000000000022a       0xbb ./Drivers/STM32F1xx_HAL_Driver/Src/stm32f1xx_hal_cortex.o
 .debug_rnglists
                0x00000000000002e5       0x3f ./Drivers/STM32F1xx_HAL_Driver/Src/stm32f1xx_hal_gpio.o
 .debug_rnglists
                0x0000000000000324       0x6c ./Drivers/STM32F1xx_HAL_Driver/Src/stm32f1xx_hal_rcc.o
 .debug_rnglists
                0x0000000000000390      0x31a ./Drivers/STM32F1xx_HAL_Driver/Src/stm32f1xx_hal_tim.o
 .debug_rnglists
                0x00000000000006aa      0x125 ./Drivers/STM32F1xx_HAL_Driver/Src/stm32f1xx_hal_tim_ex.o

.debug_macro    0x0000000000000000    0x168d5
 .debug_macro   0x0000000000000000      0x1ab ./Core/Src/7led.o
 .debug_macro   0x00000000000001ab      0xa9c ./Core/Src/7led.o
 .debug_macro   0x0000000000000c47      0x215 ./Core/Src/7led.o
 .debug_macro   0x0000000000000e5c       0x2e ./Core/Src/7led.o
 .debug_macro   0x0000000000000e8a       0x22 ./Core/Src/7led.o
 .debug_macro   0x0000000000000eac       0x22 ./Core/Src/7led.o
 .debug_macro   0x0000000000000ece       0x8e ./Core/Src/7led.o
 .debug_macro   0x0000000000000f5c       0x51 ./Core/Src/7led.o
 .debug_macro   0x0000000000000fad      0x103 ./Core/Src/7led.o
 .debug_macro   0x00000000000010b0       0x6a ./Core/Src/7led.o
 .debug_macro   0x000000000000111a      0x1df ./Core/Src/7led.o
 .debug_macro   0x00000000000012f9       0x1c ./Core/Src/7led.o
 .debug_macro   0x0000000000001315       0x22 ./Core/Src/7led.o
 .debug_macro   0x0000000000001337       0xbd ./Core/Src/7led.o
 .debug_macro   0x00000000000013f4      0xd23 ./Core/Src/7led.o
 .debug_macro   0x0000000000002117     0xde75 ./Core/Src/7led.o
 .debug_macro   0x000000000000ff8c       0x6d ./Core/Src/7led.o
 .debug_macro   0x000000000000fff9     0x348d ./Core/Src/7led.o
 .debug_macro   0x0000000000013486      0x174 ./Core/Src/7led.o
 .debug_macro   0x00000000000135fa       0x5c ./Core/Src/7led.o
 .debug_macro   0x0000000000013656      0x5bc ./Core/Src/7led.o
 .debug_macro   0x0000000000013c12      0x1b7 ./Core/Src/7led.o
 .debug_macro   0x0000000000013dc9      0x1cb ./Core/Src/7led.o
 .debug_macro   0x0000000000013f94      0x114 ./Core/Src/7led.o
 .debug_macro   0x00000000000140a8      0x1b2 ./Core/Src/7led.o
 .debug_macro   0x000000000001425a       0x27 ./Core/Src/7led.o
 .debug_macro   0x0000000000014281      0x12f ./Core/Src/7led.o
 .debug_macro   0x00000000000143b0      0x1bc ./Core/Src/7led.o
 .debug_macro   0x000000000001456c       0x34 ./Core/Src/7led.o
 .debug_macro   0x00000000000145a0       0x3c ./Core/Src/7led.o
 .debug_macro   0x00000000000145dc       0x57 ./Core/Src/7led.o
 .debug_macro   0x0000000000014633       0x87 ./Core/Src/7led.o
 .debug_macro   0x00000000000146ba      0x183 ./Core/Src/7led.o
 .debug_macro   0x000000000001483d      0x140 ./Core/Src/7led.o
 .debug_macro   0x000000000001497d      0x8ed ./Core/Src/7led.o
 .debug_macro   0x000000000001526a       0x69 ./Core/Src/7led.o
 .debug_macro   0x00000000000152d3      0x1ab ./Core/Src/Button0.o
 .debug_macro   0x000000000001547e      0x1ab ./Core/Src/Button1.o
 .debug_macro   0x0000000000015629      0x1ab ./Core/Src/Button2.o
 .debug_macro   0x00000000000157d4      0x1d7 ./Core/Src/main.o
 .debug_macro   0x00000000000159ab       0x1b ./Core/Src/softwaretimer.o
 .debug_macro   0x00000000000159c6      0x1a1 ./Core/Src/stm32f1xx_hal_msp.o
 .debug_macro   0x0000000000015b67      0x1ab ./Core/Src/stm32f1xx_it.o
 .debug_macro   0x0000000000015d12      0x197 ./Core/Src/system_stm32f1xx.o
 .debug_macro   0x0000000000015ea9      0x1bb ./Drivers/STM32F1xx_HAL_Driver/Src/stm32f1xx_hal.o
 .debug_macro   0x0000000000016064      0x197 ./Drivers/STM32F1xx_HAL_Driver/Src/stm32f1xx_hal_cortex.o
 .debug_macro   0x00000000000161fb      0x202 ./Drivers/STM32F1xx_HAL_Driver/Src/stm32f1xx_hal_gpio.o
 .debug_macro   0x00000000000163fd      0x1a9 ./Drivers/STM32F1xx_HAL_Driver/Src/stm32f1xx_hal_rcc.o
 .debug_macro   0x00000000000165a6      0x198 ./Drivers/STM32F1xx_HAL_Driver/Src/stm32f1xx_hal_tim.o
 .debug_macro   0x000000000001673e      0x197 ./Drivers/STM32F1xx_HAL_Driver/Src/stm32f1xx_hal_tim_ex.o

.debug_line     0x0000000000000000     0xba01
 .debug_line    0x0000000000000000      0x72f ./Core/Src/7led.o
 .debug_line    0x000000000000072f      0x734 ./Core/Src/Button0.o
 .debug_line    0x0000000000000e63      0x764 ./Core/Src/Button1.o
 .debug_line    0x00000000000015c7      0x734 ./Core/Src/Button2.o
 .debug_line    0x0000000000001cfb      0xb72 ./Core/Src/main.o
 .debug_line    0x000000000000286d      0x19f ./Core/Src/softwaretimer.o
 .debug_line    0x0000000000002a0c      0x714 ./Core/Src/stm32f1xx_hal_msp.o
 .debug_line    0x0000000000003120      0x7b3 ./Core/Src/stm32f1xx_it.o
 .debug_line    0x00000000000038d3      0x757 ./Core/Src/system_stm32f1xx.o
 .debug_line    0x000000000000402a       0x78 ./Core/Startup/startup_stm32f103c6ux.o
 .debug_line    0x00000000000040a2      0x984 ./Drivers/STM32F1xx_HAL_Driver/Src/stm32f1xx_hal.o
 .debug_line    0x0000000000004a26      0xb6c ./Drivers/STM32F1xx_HAL_Driver/Src/stm32f1xx_hal_cortex.o
 .debug_line    0x0000000000005592      0xa08 ./Drivers/STM32F1xx_HAL_Driver/Src/stm32f1xx_hal_gpio.o
 .debug_line    0x0000000000005f9a      0xd8d ./Drivers/STM32F1xx_HAL_Driver/Src/stm32f1xx_hal_rcc.o
 .debug_line    0x0000000000006d27     0x3427 ./Drivers/STM32F1xx_HAL_Driver/Src/stm32f1xx_hal_tim.o
 .debug_line    0x000000000000a14e     0x18b3 ./Drivers/STM32F1xx_HAL_Driver/Src/stm32f1xx_hal_tim_ex.o

.debug_str      0x0000000000000000    0x81fb0
 .debug_str     0x0000000000000000    0x7f2e0 ./Core/Src/7led.o
                                      0x7f612 (size before relaxing)
 .debug_str     0x000000000007f2e0       0x95 ./Core/Src/Button0.o
                                      0x7f655 (size before relaxing)
 .debug_str     0x000000000007f375       0x6a ./Core/Src/Button1.o
                                      0x7f67c (size before relaxing)
 .debug_str     0x000000000007f3df       0x43 ./Core/Src/Button2.o
                                      0x7f655 (size before relaxing)
 .debug_str     0x000000000007f422      0x8fb ./Core/Src/main.o
                                      0x80040 (size before relaxing)
 .debug_str     0x000000000007fd1d       0x6b ./Core/Src/softwaretimer.o
                                       0x2e83 (size before relaxing)
 .debug_str     0x000000000007fd88      0x2d2 ./Core/Src/stm32f1xx_hal_msp.o
                                      0x7fda8 (size before relaxing)
 .debug_str     0x000000000008005a       0xec ./Core/Src/stm32f1xx_it.o
                                      0x7fb11 (size before relaxing)
 .debug_str     0x0000000000080146       0x88 ./Core/Src/system_stm32f1xx.o
                                      0x7f636 (size before relaxing)
 .debug_str     0x00000000000801ce       0x34 ./Core/Startup/startup_stm32f103c6ux.o
                                         0x6c (size before relaxing)
 .debug_str     0x0000000000080202      0x38e ./Drivers/STM32F1xx_HAL_Driver/Src/stm32f1xx_hal.o
                                      0x7fd2f (size before relaxing)
 .debug_str     0x0000000000080590      0x29e ./Drivers/STM32F1xx_HAL_Driver/Src/stm32f1xx_hal_cortex.o
                                      0x7fc7b (size before relaxing)
 .debug_str     0x000000000008082e      0x2f6 ./Drivers/STM32F1xx_HAL_Driver/Src/stm32f1xx_hal_gpio.o
                                      0x7f9bc (size before relaxing)
 .debug_str     0x0000000000080b24      0x229 ./Drivers/STM32F1xx_HAL_Driver/Src/stm32f1xx_hal_rcc.o
                                      0x7fa65 (size before relaxing)
 .debug_str     0x0000000000080d4d      0xdd0 ./Drivers/STM32F1xx_HAL_Driver/Src/stm32f1xx_hal_tim.o
                                      0x80a57 (size before relaxing)
 .debug_str     0x0000000000081b1d      0x493 ./Drivers/STM32F1xx_HAL_Driver/Src/stm32f1xx_hal_tim_ex.o
                                      0x80273 (size before relaxing)

.debug_frame    0x0000000000000000     0x28a0
 .debug_frame   0x0000000000000000       0x58 ./Core/Src/7led.o
 .debug_frame   0x0000000000000058       0x4c ./Core/Src/Button0.o
 .debug_frame   0x00000000000000a4       0x6c ./Core/Src/Button1.o
 .debug_frame   0x0000000000000110       0x4c ./Core/Src/Button2.o
 .debug_frame   0x000000000000015c       0xd8 ./Core/Src/main.o
 .debug_frame   0x0000000000000234      0x178 ./Core/Src/softwaretimer.o
 .debug_frame   0x00000000000003ac       0x80 ./Core/Src/stm32f1xx_hal_msp.o
 .debug_frame   0x000000000000042c      0x120 ./Core/Src/stm32f1xx_it.o
 .debug_frame   0x000000000000054c       0x58 ./Core/Src/system_stm32f1xx.o
 .debug_frame   0x00000000000005a4      0x334 ./Drivers/STM32F1xx_HAL_Driver/Src/stm32f1xx_hal.o
 .debug_frame   0x00000000000008d8      0x428 ./Drivers/STM32F1xx_HAL_Driver/Src/stm32f1xx_hal_cortex.o
 .debug_frame   0x0000000000000d00      0x14c ./Drivers/STM32F1xx_HAL_Driver/Src/stm32f1xx_hal_gpio.o
 .debug_frame   0x0000000000000e4c      0x218 ./Drivers/STM32F1xx_HAL_Driver/Src/stm32f1xx_hal_rcc.o
 .debug_frame   0x0000000000001064     0x11b8 ./Drivers/STM32F1xx_HAL_Driver/Src/stm32f1xx_hal_tim.o
 .debug_frame   0x000000000000221c      0x638 ./Drivers/STM32F1xx_HAL_Driver/Src/stm32f1xx_hal_tim_ex.o
 .debug_frame   0x0000000000002854       0x20 D:/STM32CubeIDE_1.13.1/STM32CubeIDE/plugins/com.st.stm32cube.ide.mcu.externaltools.gnu-tools-for-stm32.11.3.rel1.win32_1.1.1.202309131626/tools/bin/../lib/gcc/arm-none-eabi/11.3.1/../../../../arm-none-eabi/lib/thumb/v7-m/nofp\libc_nano.a(libc_a-memset.o)
 .debug_frame   0x0000000000002874       0x2c D:/STM32CubeIDE_1.13.1/STM32CubeIDE/plugins/com.st.stm32cube.ide.mcu.externaltools.gnu-tools-for-stm32.11.3.rel1.win32_1.1.1.202309131626/tools/bin/../lib/gcc/arm-none-eabi/11.3.1/../../../../arm-none-eabi/lib/thumb/v7-m/nofp\libc_nano.a(libc_a-init.o)

.debug_line_str
                0x0000000000000000       0x60
 .debug_line_str
                0x0000000000000000       0x60 ./Core/Startup/startup_stm32f103c6ux.o
                                         0x78 (size before relaxing)
